 AS V1.42 Beta [Bld 102] - source file screentest.asm - page 1 - 1/17/2016 15:57:19


       1/       0 :                     ; ****************************************************************************************************************
       2/       0 :                     ; ****************************************************************************************************************
       3/       0 :                     ;
       4/       0 :                     ;													Screen Test
       5/       0 :                     ;
       6/       0 :                     ; ****************************************************************************************************************
       7/       0 :                     ; ****************************************************************************************************************
       8/       0 :                     
       9/       0 :                     ; ****************************************************************************************************************
      10/       0 :                     ;												 Memory Allocation
      11/       0 :                     ; ****************************************************************************************************************
      12/       0 :                     
      13/       0 :                     	cpu 	sc/mp
      14/       0 :                     	
      15/       0 :                     	include ..\monitor_rom\macros.asm 							; macros required.
(1)    1/       0 :                     ; ****************************************************************************************************************
(1)    2/       0 :                     ; ****************************************************************************************************************
(1)    3/       0 :                     ;														Macros
(1)    4/       0 :                     ; ****************************************************************************************************************
(1)    5/       0 :                     ; ****************************************************************************************************************
(1)    6/       0 :                     
(1)    7/       0 :                     lpi	macro	ptr,addr											; load pointer register with constant
(1)    8/       0 :                     	ldi 	(addr) / 256
(1)    9/       0 :                     	xpah 	ptr
(1)   10/       0 :                     	ldi 	(addr) & 255
(1)   11/       0 :                     	xpal 	ptr
(1)   12/       0 :                     	endm
(1)   13/       0 :                     
(1)   14/       0 :                     pushp macro ptr 												; push pointer register on stack
(1)   15/       0 :                     	xpah 	ptr
(1)   16/       0 :                     	st 		@-1(p2)
(1)   17/       0 :                     	xpal 	ptr
(1)   18/       0 :                     	st 		@-1(p2)
(1)   19/       0 :                     	endm
(1)   20/       0 :                     
(1)   21/       0 :                     pullp macro ptr 												; pull pointer register off stack
(1)   22/       0 :                     	ld 		@1(p2)
(1)   23/       0 :                     	xpal 	ptr
(1)   24/       0 :                     	ld 		@1(p2)
(1)   25/       0 :                     	xpah 	ptr
(1)   26/       0 :                     	endm
(1)   27/       0 :                     
(1)   28/       0 :                     pushe macro 													; push E on stack
(1)   29/       0 :                     	lde
(1)   30/       0 :                     	st 		@-1(p2)
(1)   31/       0 :                     	endm
(1)   32/       0 :                     
(1)   33/       0 :                     pulle macro 													; pull E off stack
(1)   34/       0 :                     	ld 		@1(p2)
(1)   35/       0 :                     	xae
(1)   36/       0 :                     	endm
(1)   37/       0 :                     
(1)   38/       0 :                     pusha macro 													; push A on stack
(1)   39/       0 :                     	st 		@-1(p2)
(1)   40/       0 :                     	endm
(1)   41/       0 :                     
(1)   42/       0 :                     pulla macro
(1)   43/       0 :                     	ld 		@1(p2)
(1)   44/       0 :                     	endm
(1)   45/       0 :                     
 AS V1.42 Beta [Bld 102] - source file screentest.asm(macros.asm) - page 2 - 1/17/2016 15:57:19


      16/       0 :                     
      17/       0 :                     ; ****************************************************************************************************************
      18/       0 :                     ;													Main Program
      19/       0 :                     ; ****************************************************************************************************************
      20/       0 :                     
      21/    9000 :                     	org 	0x9000 												; the ROM starts here
      22/    9000 :                     
      23/    9000 : 68                  	db 		0x68												; this makes it boot straight into this ROM.
      24/    9001 : (MACRO)             	lpi 	p2,0xFFF											; set up stack
      24/    9001 : C4 0F                       ldi     (0XFFF) / 256
      24/    9003 : 36                          xpah    P2
      24/    9004 : C4 FF                       ldi     (0XFFF) & 255
      24/    9006 : 32                          xpal    P2
      25/    9007 :                     
      26/    9007 : (MACRO)             	lpi 	p3,Print-1 											; clear screen
      26/    9007 : C4 90                       ldi     (PRINT-1) / 256
      26/    9009 : 37                          xpah    P3
      26/    900A : C4 CC                       ldi     (PRINT-1) & 255
      26/    900C : 33                          xpal    P3
      27/    900D : C4 0C               	ldi 	12
      28/    900F : 3F                  	xppc 	p3
      29/    9010 :                     
      30/    9010 :                     loop:
      31/    9010 : C4 5D               	ldi 	']'													; Prompt
      32/    9012 : 3F                  	xppc 	p3
      33/    9013 : (MACRO)             	lpi 	p3,GetString-1 										; Input a string
      33/    9013 : C4 90                       ldi     (GETSTRING-1) / 256
      33/    9015 : 37                          xpah    P3
      33/    9016 : C4 64                       ldi     (GETSTRING-1) & 255
      33/    9018 : 33                          xpal    P3
      34/    9019 : (MACRO)             	lpi 	p1,0xD00
      34/    9019 : C4 0D                       ldi     (0XD00) / 256
      34/    901B : 35                          xpah    P1
      34/    901C : C4 00                       ldi     (0XD00) & 255
      34/    901E : 31                          xpal    P1
      35/    901F : C4 0F               	ldi 	15
      36/    9021 : 3F                  	xppc 	p3
      37/    9022 : (MACRO)             	lpi 	p3,Print-1 											; Echo it
      37/    9022 : C4 90                       ldi     (PRINT-1) / 256
      37/    9024 : 37                          xpah    P3
      37/    9025 : C4 CC                       ldi     (PRINT-1) & 255
      37/    9027 : 33                          xpal    P3
      38/    9028 : C4 00               	ldi 	0
      39/    902A : 3F                  	xppc 	p3
      40/    902B : C4 0D               	ldi 	13
      41/    902D : 3F                  	xppc 	p3
      42/    902E : 90 E0               	jmp 	loop
      43/    9030 :                     
      44/    9030 :                     	include ..\monitor_rom\screen.asm 							; screen I/O stuff.
(1)    1/    9030 :                     ; ****************************************************************************************************************
(1)    2/    9030 :                     ; ****************************************************************************************************************
(1)    3/    9030 :                     ;
(1)    4/    9030 :                     ;											Screen I/O, VTL-2 ROM
(1)    5/    9030 :                     ;											=====================
(1)    6/    9030 :                     ;
(1)    7/    9030 :                     ;	Provides Character and String Input/Output functionality.
(1)    8/    9030 :                     ;
(1)    9/    9030 :                     ; ****************************************************************************************************************
(1)   10/    9030 :                     ; ****************************************************************************************************************
(1)   11/    9030 :                     
 AS V1.42 Beta [Bld 102] - source file screentest.asm(screen.asm) - page 3 - 1/17/2016 15:57:19


(1)   12/    9030 : =0xC00              ScreenMirror = 0xC00 										; Screen Mirror ($C00-$C7F)
(1)   13/    9030 : =0xC80              ScreenCursor = 0xC80 										; Current Cursor position ($C80)
(1)   14/    9030 :                     
(1)   15/    9030 : 90 06               	jmp 	__Screen_Over1 									; avoid the vector table
(1)   16/    9032 : 90 2F               	jmp 	__Print2 										; 0003 Print (Character or String)
(1)   17/    9034 : 90 09               	jmp 	GetChar 										; 0005 Get Character
(1)   18/    9036 : 90 2D               	jmp 	GetString										; 0007 Get String
(1)   19/    9038 :                     
(1)   20/    9038 :                     __Screen_Over1:
(1)   21/    9038 : (MACRO)             	lpi 	p3,Screen__End-1 								; jump over all the screen code.
(1)   21/    9038 : C4 91                       ldi     (SCREEN__END-1) / 256
(1)   21/    903A : 37                          xpah    P3
(1)   21/    903B : C4 8C                       ldi     (SCREEN__END-1) & 255
(1)   21/    903D : 33                          xpal    P3
(1)   22/    903E : 3F                  	xppc 	p3
(1)   23/    903F :                     
(1)   24/    903F :                     ; ****************************************************************************************************************
(1)   25/    903F :                     ; ****************************************************************************************************************
(1)   26/    903F :                     ;
(1)   27/    903F :                     ;		Input a single character into A. Case is converted to Upper. All registers preserved except A
(1)   28/    903F :                     ;
(1)   29/    903F :                     ; ****************************************************************************************************************
(1)   30/    903F :                     ; ****************************************************************************************************************
(1)   31/    903F :                     
(1)   32/    903F :                     GetChar:
(1)   33/    903F :                     	section 	GetChar
(1)   34/    903F : C4 08               	ldi 	0x8 												; set P1 to $8xx, and save P1.H
(1)   35/    9041 : 35                  	xpah 	p1
(1)   36/    9042 : CE FF               	st 		@-1(p2)
(1)   37/    9044 :                     __GCWaitKey: 													; wait for key press
(1)   38/    9044 : C1 00               	ld 		0(p1)
(1)   39/    9046 : 94 FC               	jp 		__GCWaitKey
(1)   40/    9048 : D4 7F               	ani	 	0x7F 												; throw away the upper bit.
(1)   41/    904A : CA FF               	st 		-1(p2) 												; save it below stack
(1)   42/    904C :                     __GCWaitRelease:
(1)   43/    904C : C1 00               	ld 		0(p1) 												; wait for release
(1)   44/    904E : D4 80               	ani 	0x80
(1)   45/    9050 : 9C FA               	jnz 	__GCWaitRelease
(1)   46/    9052 : C6 01               	ld 		@1(p2) 												; restore P1.H
(1)   47/    9054 : 35                  	xpah 	p1
(1)   48/    9055 : C2 FE               	ld 		-2(p2) 												; restore saved value
(1)   49/    9057 : 02                  	ccl
(1)   50/    9058 : F4 20               	adi 	0x20												; will make lower case -ve
(1)   51/    905A : 94 02               	jp 		__GCNotLower
(1)   52/    905C : FC 20               	cai 	0x20 												; capitalise
(1)   53/    905E :                     __GCNotLower:
(1)   54/    905E : F4 E0               	adi 	0xE0 												; fix up.
(1)   55/    9060 : 3F                  	xppc 	p3 													; return
(1)   56/    9061 : 90 DC               	jmp 	GetChar 											; make re-entrant
(1)   57/    9063 :                     	endsection 	GetChar
(1)   58/    9063 :                     
(1)   59/    9063 :                     __Print2:
(1)   60/    9063 : 90 68               	jmp 	Print
(1)   61/    9065 :                     
(1)   62/    9065 :                     ; ****************************************************************************************************************
(1)   63/    9065 :                     ; ****************************************************************************************************************
(1)   64/    9065 :                     ;
(1)   65/    9065 :                     ;			Read an ASCIIZ string from keyboard into P1 of length A maximum (excludes NULL terminator)
(1)   66/    9065 :                     ;
(1)   67/    9065 :                     ; ****************************************************************************************************************
 AS V1.42 Beta [Bld 102] - source file screentest.asm(screen.asm) - page 4 - 1/17/2016 15:57:19


(1)   68/    9065 :                     ; ****************************************************************************************************************
(1)   69/    9065 :                     
(1)   70/    9065 :                     GetString:
(1)   71/    9065 :                     	section GetString
(1)   72/    9065 : (MACRO)             	pusha 														; save A,P3,E
(1)   72/    9065 : CE FF                       st              @-1(p2)
(1)   73/    9067 : (MACRO)             	pushp 	p3
(1)   73/    9067 : 37                          xpah    P3
(1)   73/    9068 : CE FF                       st              @-1(p2)
(1)   73/    906A : 33                          xpal    P3
(1)   73/    906B : CE FF                       st              @-1(p2)
(1)   74/    906D : (MACRO)             	pushe 
(1)   74/    906D : 40                          lde
(1)   74/    906E : CE FF                       st              @-1(p2)
(1)   75/    9070 : C4 00               	ldi 	0 													; set E (current position) to A.
(1)   76/    9072 : 01                  	xae
(1)   77/    9073 :                     __GSLoop:
(1)   78/    9073 : (MACRO)             	lpi 	p3,Print-1 											; print the prompt (half coloured square)
(1)   78/    9073 : C4 90                       ldi     (PRINT-1) / 256
(1)   78/    9075 : 37                          xpah    P3
(1)   78/    9076 : C4 CC                       ldi     (PRINT-1) & 255
(1)   78/    9078 : 33                          xpal    P3
(1)   79/    9079 : C4 9B               	ldi 	155
(1)   80/    907B : 3F                  	xppc 	p3
(1)   81/    907C : (MACRO)             	lpi 	p3,GetChar-1 										; get a character
(1)   81/    907C : C4 90                       ldi     (GETCHAR-1) / 256
(1)   81/    907E : 37                          xpah    P3
(1)   81/    907F : C4 3E                       ldi     (GETCHAR-1) & 255
(1)   81/    9081 : 33                          xpal    P3
(1)   82/    9082 : 3F                  	xppc 	p3
(1)   83/    9083 : C9 80               	st 		-0x80(p1) 											; save it in the current position.
(1)   84/    9085 : (MACRO)             	lpi 	p3,Print-1 											; erase the prompt with backspace.
(1)   84/    9085 : C4 90                       ldi     (PRINT-1) / 256
(1)   84/    9087 : 37                          xpah    P3
(1)   84/    9088 : C4 CC                       ldi     (PRINT-1) & 255
(1)   84/    908A : 33                          xpal    P3
(1)   85/    908B : C4 08               	ldi 	8
(1)   86/    908D : 3F                  	xppc 	p3
(1)   87/    908E : C1 80               	ld 		-0x80(p1) 											; re-read character
(1)   88/    9090 : D4 E0               	ani 	0xE0 												; check if control key.
(1)   89/    9092 : 98 0F               	jz 		__GSControlKey 
(1)   90/    9094 : 40                  	lde 														; get current position.
(1)   91/    9095 : E2 03               	xor 	3(p2) 												; reached maximum length of buffer ?
(1)   92/    9097 : 98 DA               	jz 		__GSLoop 											; if so, ignore the key and go round again.
(1)   93/    9099 : C1 80               	ld 		-0x80(p1) 											; get character and print it
(1)   94/    909B : 3F                  	xppc 	p3
(1)   95/    909C : C4 01               	ldi 	1 													; increment E
(1)   96/    909E : 02                  	ccl
(1)   97/    909F : 70                  	ade
(1)   98/    90A0 : 01                  	xae
(1)   99/    90A1 : 90 D0               	jmp 	__GSLoop 											; and go round again.
(1)  100/    90A3 :                     ;
(1)  101/    90A3 :                     ;	Handle control keys (0x00-0x1F)
(1)  102/    90A3 :                     ;
(1)  103/    90A3 :                     __GSControlKey:
(1)  104/    90A3 : C1 80               	ld 		-0x80(p1) 											; get typed in key
(1)  105/    90A5 : E4 08               	xri 	8 													; check for backspace.
(1)  106/    90A7 : 98 17               	jz 		__GSBackspace 			
(1)  107/    90A9 : E4 05               	xri 	8!13 												; check for CR
(1)  108/    90AB : 9C C6               	jnz 	__GSLoop 											; if not, ignore the key.
 AS V1.42 Beta [Bld 102] - source file screentest.asm(screen.asm) - page 5 - 1/17/2016 15:57:19


(1)  109/    90AD :                     ;
(1)  110/    90AD :                     ;	Carriage Return, ending input.
(1)  111/    90AD :                     ;
(1)  112/    90AD : C9 80               	st 		-0x80(p1) 											; replace the CR written with NULL terminator.
(1)  113/    90AF : C4 0D               	ldi 	13 													; print CR
(1)  114/    90B1 : 3F                  	xppc 	p3
(1)  115/    90B2 : (MACRO)             	pulle 														; restore E,P3,A
(1)  115/    90B2 : C6 01                       ld              @1(p2)
(1)  115/    90B4 : 01                          xae
(1)  116/    90B5 : (MACRO)             	pullp	p3
(1)  116/    90B5 : C6 01                       ld              @1(p2)
(1)  116/    90B7 : 33                          xpal    P3
(1)  116/    90B8 : C6 01                       ld              @1(p2)
(1)  116/    90BA : 37                          xpah    P3
(1)  117/    90BB : (MACRO)             	pulla
(1)  117/    90BB : C6 01                       ld              @1(p2)
(1)  118/    90BD : 3F                  	xppc 	p3 													; return
(1)  119/    90BE : 90 A5               	jmp 	GetString 											; make re-entrant (probably unneccessary !!)
(1)  120/    90C0 :                     ;
(1)  121/    90C0 :                     ;	Backspace entered
(1)  122/    90C0 :                     ;
(1)  123/    90C0 :                     __GSBackspace
(1)  124/    90C0 : 40                  	lde 														; if E = 0 we can't backspace any further.
(1)  125/    90C1 : 98 B0               	jz 		__GSLoop
(1)  126/    90C3 : C4 08               	ldi 	8 													; backspace on screen
(1)  127/    90C5 : 3F                  	xppc 	p3
(1)  128/    90C6 : C4 FF               	ldi 	0xFF 												; decrement E
(1)  129/    90C8 : 02                  	ccl
(1)  130/    90C9 : 70                  	ade
(1)  131/    90CA : 01                  	xae
(1)  132/    90CB : 90 A6               	jmp 	__GSLoop 											; and go round again.
(1)  133/    90CD :                     
(1)  134/    90CD :                     	endsection GetString
(1)  135/    90CD :                     
(1)  136/    90CD :                     ; ****************************************************************************************************************
(1)  137/    90CD :                     ; ****************************************************************************************************************
(1)  138/    90CD :                     ;
(1)  139/    90CD :                     ;	Print routine. Prints either character in A, or ASCIIZ string at P1 (if A is zero). Preserves all registers
(1)  140/    90CD :                     ;	except if printing string, P1 points to the character after the NULL terminator.
(1)  141/    90CD :                     ;
(1)  142/    90CD :                     ;	Scrolls automatically. Understands character codes 32-255, 8 (Backspace) 12 (Clear Screen) 13 (Carriage
(1)  143/    90CD :                     ;	Return). Others are currently ignored (except 0, see above). Note L/C values (97....) display those characters
(1)  144/    90CD :                     ;	in the ROM font *not* lower case :)
(1)  145/    90CD :                     ;
(1)  146/    90CD :                     ; ****************************************************************************************************************
(1)  147/    90CD :                     ; ****************************************************************************************************************
(1)  148/    90CD :                     
(1)  149/    90CD :                     Print:
(1)  150/    90CD :                     	section 	Print
(1)  151/    90CD :                     
(1)  152/    90CD : (MACRO)             	pusha														; push registers on stack
(1)  152/    90CD : CE FF                       st              @-1(p2)
(1)  153/    90CF : (MACRO)             	pushp 	p1
(1)  153/    90CF : 35                          xpah    P1
(1)  153/    90D0 : CE FF                       st              @-1(p2)
(1)  153/    90D2 : 31                          xpal    P1
(1)  153/    90D3 : CE FF                       st              @-1(p2)
(1)  154/    90D5 : (MACRO)             	pushe
(1)  154/    90D5 : 40                          lde
(1)  154/    90D6 : CE FF                       st              @-1(p2)
 AS V1.42 Beta [Bld 102] - source file screentest.asm(screen.asm) - page 6 - 1/17/2016 15:57:19


(1)  155/    90D8 :                     
(1)  156/    90D8 : C2 03               	ld 		3(p2) 												; read character 
(1)  157/    90DA : 9C 12               	jnz 	__PRPrintCharacterA 								; if non zero print it on its own.
(1)  158/    90DC :                     
(1)  159/    90DC :                     __PRPrintString:
(1)  160/    90DC : C2 01               	ld 		1(p2) 												; restore original P1
(1)  161/    90DE : 31                  	xpal 	p1
(1)  162/    90DF : C2 02               	ld 		2(p2)
(1)  163/    90E1 : 35                  	xpah 	p1 													; read character at P1.
(1)  164/    90E2 : C5 01               	ld 		@1(p1)
(1)  165/    90E4 : 01                  	xae 														; save in E.
(1)  166/    90E5 : 35                  	xpah 	p1 													; write P1 back.
(1)  167/    90E6 : CA 02               	st 		2(p2)
(1)  168/    90E8 : 31                  	xpal 	p1
(1)  169/    90E9 : CA 01               	st 		1(p2)
(1)  170/    90EB : 40                  	lde 														; get character from E
(1)  171/    90EC : 98 46               	jz 		__PRExitNoCheck 									; exit without loop check.
(1)  172/    90EE :                     ;
(1)  173/    90EE :                     ;	Print character in A now ; throughout it is stored in E.
(1)  174/    90EE :                     ;
(1)  175/    90EE :                     __PRPrintCharacterA:
(1)  176/    90EE : 01                  	xae 														; save character in E.
(1)  177/    90EF :                     ;
(1)  178/    90EF :                     ;	Read cursor and set P1 to that address
(1)  179/    90EF :                     ;
(1)  180/    90EF : C4 0C               	ldi 	ScreenCursor/256 									; set P1 to point to screen cursor
(1)  181/    90F1 : 35                  	xpah 	p1
(1)  182/    90F2 : C4 80               	ldi 	ScreenCursor&255
(1)  183/    90F4 : 31                  	xpal 	p1
(1)  184/    90F5 : C1 00               	ld 		0(p1) 												; put cursor position in P1.L
(1)  185/    90F7 : 31                  	xpal 	p1
(1)  186/    90F8 :                     ;
(1)  187/    90F8 :                     ;	Check for control
(1)  188/    90F8 :                     ;
(1)  189/    90F8 : 40                  	lde 														; look at character
(1)  190/    90F9 : D4 E0               	ani 	0xE0 												; is it code 0-31
(1)  191/    90FB : 98 45               	jz 		__PRIsControlChar
(1)  192/    90FD :                     ;
(1)  193/    90FD :                     ;	Print non-control
(1)  194/    90FD :                     ;
(1)  195/    90FD : 40                  	lde 														; read character
(1)  196/    90FE : 03                  	scl 														; CY/L clear if < 96
(1)  197/    90FF : FC 60               	cai 	96 
(1)  198/    9101 : 06                  	csa 	 	 												; skip if carry set
(1)  199/    9102 : E4 80               	xri 	0x80													
(1)  200/    9104 : 94 04               	jp 		__PRNotASCII
(1)  201/    9106 : 40                  	lde 														; if ASCII make 6 bit.
(1)  202/    9107 : D4 3F               	ani 	0x3F
(1)  203/    9109 : 01                  	xae
(1)  204/    910A :                     __PRNotASCII:
(1)  205/    910A : 40                  	lde 														; get character.
(1)  206/    910B : C9 00               	st 		(p1) 												; save in shadow memory
(1)  207/    910D : 35                  	xpah 	p1 													; switch to VRAM, preserving A.
(1)  208/    910E : C4 00               	ldi 	0 													
(1)  209/    9110 : 35                  	xpah 	p1
(1)  210/    9111 : CD 01               	st 		@1(p1) 												; save in screen memory, advance write position.
(1)  211/    9113 :                     ;
(1)  212/    9113 :                     ;	Write cursor position back from P1.L
(1)  213/    9113 :                     ;
(1)  214/    9113 :                     __PRUpdateCursor:
 AS V1.42 Beta [Bld 102] - source file screentest.asm(screen.asm) - page 7 - 1/17/2016 15:57:19


(1)  215/    9113 : C4 0C               	ldi		ScreenCursor / 256 									; set P1 to point to screen cursor, restore position to P1
(1)  216/    9115 : 35                  	xpah 	p1
(1)  217/    9116 : C4 80               	ldi 	ScreenCursor & 255 
(1)  218/    9118 : 31                  	xpal 	p1 													; after this, adjusted cursor position is in AC.
(1)  219/    9119 : C9 00               	st 		(p1) 												; write back in cursor position
(1)  220/    911B : 94 13               	jp 		__PRExit 											; if position is off the bottom then scroll.
(1)  221/    911D :                     ;
(1)  222/    911D :                     ;	Scroll display
(1)  223/    911D :                     ;
(1)  224/    911D : C4 0C               	ldi 	(ScreenMirror+16) / 256 							; point P1 to 2nd line.
(1)  225/    911F : 35                  	xpah 	p1
(1)  226/    9120 : C4 10               	ldi 	(ScreenMirror+16) & 255
(1)  227/    9122 :                     __PRScrollLoop:
(1)  228/    9122 : 31                  	xpal 	p1
(1)  229/    9123 : C1 00               	ld 		0(p1) 												; copy char to previous line
(1)  230/    9125 : C9 F0               	st 		-16(p1)
(1)  231/    9127 : C5 01               	ld 		@1(p1) 												; bump pointer.
(1)  232/    9129 : 31                  	xpal 	p1
(1)  233/    912A : 94 F6               	jp 		__PRScrollLoop
(1)  234/    912C : C4 70               	ldi 	128-16 												; clear from and move to last line
(1)  235/    912E : 90 3D               	jmp 	__PRClearFromMoveTo
(1)  236/    9130 :                     ;
(1)  237/    9130 :                     ;	Exit screen drawing routine.
(1)  238/    9130 :                     ;
(1)  239/    9130 :                     __PRExit:
(1)  240/    9130 : C2 03               	ld 		3(p2) 												; if character was zero, loop
(1)  241/    9132 : 98 A8               	jz 		__PRPrintString 									; back as printing string at P1.
(1)  242/    9134 :                     __PRExitNoCheck:
(1)  243/    9134 : (MACRO)             	pulle 														; restore registers
(1)  243/    9134 : C6 01                       ld              @1(p2)
(1)  243/    9136 : 01                          xae
(1)  244/    9137 : (MACRO)             	pullp 	p1
(1)  244/    9137 : C6 01                       ld              @1(p2)
(1)  244/    9139 : 31                          xpal    P1
(1)  244/    913A : C6 01                       ld              @1(p2)
(1)  244/    913C : 35                          xpah    P1
(1)  245/    913D : (MACRO)             	pulla
(1)  245/    913D : C6 01                       ld              @1(p2)
(1)  246/    913F : 3F                  	xppc 	p3 													; return
(1)  247/    9140 : 90 8B               	jmp 	Print 												; make re-entrant.
(1)  248/    9142 :                     ;
(1)  249/    9142 :                     ;	Check for supported control characters 8 (Backspace) 12 (Clear) 13 (Carriage Return)
(1)  250/    9142 :                     ;
(1)  251/    9142 :                     __PRIsControlChar:
(1)  252/    9142 : 40                  	lde 														; restore character.
(1)  253/    9143 : E4 0D               	xri 	13 													; carriage return ? (13)
(1)  254/    9145 : 98 1B               	jz 		__PRIsReturn
(1)  255/    9147 : E4 01               	xri 	13!12 												; form feed ? (12)
(1)  256/    9149 : 98 20               	jz 		__PRClearScreen
(1)  257/    914B : E4 04               	xri 	12!8 												; backspace ? (8)
(1)  258/    914D : 9C E1               	jnz 	__PRExit 
(1)  259/    914F :                     ;
(1)  260/    914F :                     ;	Handle backspace (8)
(1)  261/    914F :                     ;
(1)  262/    914F : 31                  	xpal 	p1 													; check cursor position is zero
(1)  263/    9150 : 98 DE               	jz 		__PRExit 											; if it is, cannot backspace so exit.
(1)  264/    9152 : 31                  	xpal 	p1  												; put it back
(1)  265/    9153 : C5 FF               	ld 		@-1(p1)												; move it back one
(1)  266/    9155 : C4 20               	ldi 	' '	 												; erase in shadow
(1)  267/    9157 : C9 00               	st 		(p1)
 AS V1.42 Beta [Bld 102] - source file screentest.asm(screen.asm) - page 8 - 1/17/2016 15:57:19


(1)  268/    9159 : C4 00               	ldi 	0 													; point P1 to VRAM
(1)  269/    915B : 35                  	xpah 	p1
(1)  270/    915C : C4 20               	ldi 	' '													; erase in VRAM
(1)  271/    915E : C9 00               	st 		(p1)
(1)  272/    9160 : 90 B1               	jmp 	__PRUpdateCursor 									; and exit
(1)  273/    9162 :                     ;
(1)  274/    9162 :                     ;	Handle carriage return (13)
(1)  275/    9162 :                     ;
(1)  276/    9162 :                     __PRIsReturn:
(1)  277/    9162 : 31                  	xpal 	p1 													; cursor position in A
(1)  278/    9163 : D4 F0               	ani 	0xF0 												; start of current line
(1)  279/    9165 : 02                  	ccl 														; down one line
(1)  280/    9166 : F4 10               	adi 	0x10 	
(1)  281/    9168 : 31                  	xpal 	p1 													; put it back in P1.
(1)  282/    9169 : 90 A8               	jmp 	__PRUpdateCursor
(1)  283/    916B :                     ;
(1)  284/    916B :                     ;	Handle clear screen (12)
(1)  285/    916B :                     ;
(1)  286/    916B :                     __PRClearScreen:
(1)  287/    916B : C4 00               	ldi 	0 													; clear shadow memory from here.
(1)  288/    916D :                     ;
(1)  289/    916D :                     ;	From position A, clear the memory in the shadow screen to the end, copy the shadow screen to VRAM
(1)  290/    916D :                     ;	then use position A as the new cursor position.
(1)  291/    916D :                     ;
(1)  292/    916D :                     __PRClearFromMoveTo:
(1)  293/    916D : CE FF               	st 		@-1(p2) 											; save this position, the cursor goes here.
(1)  294/    916F :                     __PRClearLoop:
(1)  295/    916F : 31                  	xpal 	p1 													; save position in P1.
(1)  296/    9170 : C4 20               	ldi 	' '													; write space there.
(1)  297/    9172 : CD 01               	st 		@1(p1)
(1)  298/    9174 : 31                  	xpal 	p1
(1)  299/    9175 : 94 F8               	jp 		__PRClearLoop 										; until reached shadow memory start.
(1)  300/    9177 : C4 00               	ldi 	0 													; now copy shadow memory to screen memory.
(1)  301/    9179 :                     __PRCopy:
(1)  302/    9179 : 31                  	xpal 	p1 													; set up P1.L
(1)  303/    917A : C4 0C               	ldi 	ScreenMirror/256 									; point to shadow memory.
(1)  304/    917C : 35                  	xpah 	p1 													
(1)  305/    917D : C1 00               	ld 		(p1) 												; read shadow memory
(1)  306/    917F : 35                  	xpah 	p1 													; zero P1.H preserving A
(1)  307/    9180 : C4 00               	ldi 	0
(1)  308/    9182 : 35                  	xpah 	p1
(1)  309/    9183 : CD 01               	st 		@1(p1) 												; save and increment p1
(1)  310/    9185 : 31                  	xpal 	p1 
(1)  311/    9186 : 94 F1               	jp 		__PRCopy 											; keep doing till all copied.
(1)  312/    9188 : C6 01               	ld 		@1(p2) 												; read cursor position
(1)  313/    918A : 31                  	xpal 	p1 													; put in P1.L
(1)  314/    918B : 90 86               	jmp 	__PRUpdateCursor
(1)  315/    918D :                     
(1)  316/    918D :                     	endsection 	Print
(1)  317/    918D :                     
(1)  318/    918D :                     Screen__End:
(1)  319/    918D :                     
      45/    918D :                     
 AS V1.42 Beta [Bld 102] - source file screentest.asm - page 9 - 1/17/2016 15:57:19


  symbol table (* = unused):
  ------------------------

*ARCHITECTURE :  i386-unknown-win32 - | *BIGENDIAN :                      0 - |
*BRANCHEXT :                      0 - | *CASESENSITIVE :                  0 - |
*CONSTPI :        3.141592653589793 - | *DATE :                   1/17/2016 - |
*FALSE :                          0 - | *FULLPMMU :                       1 - |
 GETCHAR :                     903F C |  GETSTRING :                   9065 C |
*HAS64 :                          1 - | *HASDSP :                         0 - |
*HASFPU :                         0 - | *HASPMMU :                        0 - |
*INEXTMODE :                      0 - | *INLWORDMODE :                    0 - |
*INMAXMODE :                      0 - | *INSRCMODE :                      0 - |
*INSUPMODE :                      0 - | *LISTON :                         1 - |
 LOOP :                        9010 C | *MACEXP :                         1 - |
*MOMCPU :                         C - | *MOMCPUNAME :                 SC/MP - |
*NESTMAX :                      100 - | *PACKING :                        0 - |
*PADDING :                        1 - |  PRINT :                       90CD C |
*RELAXED :                        0 - |  SCREENCURSOR :                 C80 - |
 SCREENMIRROR :                 C00 - |  SCREEN__END :                 918D C |
*TIME :                    15:57:19 - | *TRUE :                           1 - |
*VERSION :                     142F - |  __GCNOTLOWER [GETCHAR] :      905E C |
 __GCWAITKEY [GETCHAR] :       9044 C |  __GCWAITRELEASE [GETCHAR] :   904C C |
 __GSBACKSPACE [GETSTRING] :   90C0 C |  __GSCONTROLKEY [GETSTRING] :  90A3 C |
 __GSLOOP [GETSTRING] :        9073 C |  __PRCLEARFROMMOVETO [PRINT] : 916D C |
 __PRCLEARLOOP [PRINT] :       916F C |  __PRCLEARSCREEN [PRINT] :     916B C |
 __PRCOPY [PRINT] :            9179 C |  __PREXIT [PRINT] :            9130 C |
 __PREXITNOCHECK [PRINT] :     9134 C |  __PRINT2 :                    9063 C |
 __PRISCONTROLCHAR [PRINT] :   9142 C |  __PRISRETURN [PRINT] :        9162 C |
 __PRNOTASCII [PRINT] :        910A C |  __PRPRINTCHARACTERA [PRINT] : 90EE C |
 __PRPRINTSTRING [PRINT] :     90DC C |  __PRSCROLLLOOP [PRINT] :      9122 C |
 __PRUPDATECURSOR [PRINT] :    9113 C |  __SCREEN_OVER1 :              9038 C |

     56 symbols
     28 unused symbols

 AS V1.42 Beta [Bld 102] - source file screentest.asm - page 10 - 1/17/2016 15:57:19


  defined macros:
  ---------------

LPI                                   | PULLA                                
PULLE                                 | PULLP                                
PUSHA                                 | PUSHE                                
PUSHP                                 |

      7 macros

 AS V1.42 Beta [Bld 102] - source file screentest.asm - page 11 - 1/17/2016 15:57:19


  codepages:
  ----------

STANDARD (0 changed characters)


0.01 seconds assembly time

    409 lines source file
    473 lines incl. macro expansions
      2 passes
      0 errors
      0 warnings
