 AS V1.42 Beta [Bld 102] - source file test.asm - page 1 - 1/12/2016 12:17:47


       1/       0 :                     ; ******************************************************************************************************************
       2/       0 :                     ; ******************************************************************************************************************
       3/       0 :                     ; ******************************************************************************************************************
       4/       0 :                     ;
       5/       0 :                     ;												Machine Language Monitor
       6/       0 :                     ;
       7/       0 :                     ; ******************************************************************************************************************
       8/       0 :                     ; ******************************************************************************************************************
       9/       0 :                     ; ******************************************************************************************************************
      10/       0 :                     
      11/       0 :                     		cpu	sc/mp
      12/       0 :                     
      13/       0 :                     		org 	0x0000
      14/       0 : 08                  		nop
      15/       1 : 08                  		nop
      16/       2 : 08                  		nop
      17/       3 :                     
      18/       3 :                     
 AS V1.42 Beta [Bld 102] - source file test.asm - page 2 - 1/12/2016 12:17:47


  symbol table (* = unused):
  ------------------------

*ARCHITECTURE :  i386-unknown-win32 - | *BIGENDIAN :                      0 - |
*BRANCHEXT :                      0 - | *CASESENSITIVE :                  0 - |
*CONSTPI :        3.141592653589793 - | *DATE :                   1/12/2016 - |
*FALSE :                          0 - | *FULLPMMU :                       1 - |
*HAS64 :                          1 - | *HASDSP :                         0 - |
*HASFPU :                         0 - | *HASPMMU :                        0 - |
*INEXTMODE :                      0 - | *INLWORDMODE :                    0 - |
*INMAXMODE :                      0 - | *INSRCMODE :                      0 - |
*INSUPMODE :                      0 - | *LISTON :                         1 - |
*MACEXP :                         1 - | *MOMCPU :                         C - |
*MOMCPUNAME :                 SC/MP - | *NESTMAX :                      100 - |
*PACKING :                        0 - | *PADDING :                        1 - |
*RELAXED :                        0 - | *TIME :                    12:17:47 - |
*TRUE :                           1 - | *VERSION :                     142F - |

     28 symbols
     28 unused symbols

 AS V1.42 Beta [Bld 102] - source file test.asm - page 3 - 1/12/2016 12:17:47


  codepages:
  ----------

STANDARD (0 changed characters)


0.00 seconds assembly time

     18 lines source file
      1 pass
      0 errors
      0 warnings
